src/components/StatsView.vue(141,30): error TS2339: Property 'userSessionId' does not exist on type 'Store<"game", Pick<{ scrapBalance: Ref<number, number>; historicalInfluence: Ref<number, number>; trayCount: Ref<number, number>; inventory: Ref<{ id: string; item_id: string; ... 8 more ...; tier?: ItemTier | undefined; }[], VaultItem[] | { ...; }[]>; ... 42 more ...; batteryCapacity: Ref<...>; }, "scrapBalance" | ...'.
